// Jest Snapshot v1, https://goo.gl/fbAQLP

exports[`Chart Component renders without crashing 1`] = `
<div>
  <div
    class="chartContainer"
  >
    <div
      class="datePicker"
    >
       Date range: 
      <div
        class="ant-picker ant-picker-range css-dev-only-do-not-override-1adbn6x rangePicker"
      >
        <div
          class="ant-picker-input ant-picker-input-active"
        >
          <input
            autocomplete="off"
            placeholder="Start date"
            readonly=""
            size="12"
            value="2023-10-19"
          />
        </div>
        <div
          class="ant-picker-range-separator"
        >
          <span
            aria-label="to"
            class="ant-picker-separator"
          >
            <span
              aria-label="swap-right"
              class="anticon anticon-swap-right"
              role="img"
            >
              <svg
                aria-hidden="true"
                data-icon="swap-right"
                fill="currentColor"
                focusable="false"
                height="1em"
                viewBox="0 0 1024 1024"
                width="1em"
              >
                <path
                  d="M873.1 596.2l-164-208A32 32 0 00684 376h-64.8c-6.7 0-10.4 7.7-6.3 13l144.3 183H152c-4.4 0-8 3.6-8 8v60c0 4.4 3.6 8 8 8h695.9c26.8 0 41.7-30.8 25.2-51.8z"
                />
              </svg>
            </span>
          </span>
        </div>
        <div
          class="ant-picker-input"
        >
          <input
            autocomplete="off"
            placeholder="End date"
            readonly=""
            size="12"
            value="2023-11-18"
          />
        </div>
        <div
          class="ant-picker-active-bar"
          style="left: 0px; width: 0px; position: absolute;"
        />
        <span
          class="ant-picker-suffix"
        >
          <span
            aria-label="calendar"
            class="anticon anticon-calendar"
            role="img"
          >
            <svg
              aria-hidden="true"
              data-icon="calendar"
              fill="currentColor"
              focusable="false"
              height="1em"
              viewBox="64 64 896 896"
              width="1em"
            >
              <path
                d="M880 184H712v-64c0-4.4-3.6-8-8-8h-56c-4.4 0-8 3.6-8 8v64H384v-64c0-4.4-3.6-8-8-8h-56c-4.4 0-8 3.6-8 8v64H144c-17.7 0-32 14.3-32 32v664c0 17.7 14.3 32 32 32h736c17.7 0 32-14.3 32-32V216c0-17.7-14.3-32-32-32zm-40 656H184V460h656v380zM184 392V256h128v48c0 4.4 3.6 8 8 8h56c4.4 0 8-3.6 8-8v-48h256v48c0 4.4 3.6 8 8 8h56c4.4 0 8-3.6 8-8v-48h128v136H184z"
              />
            </svg>
          </span>
        </span>
        <span
          class="ant-picker-clear"
          role="button"
        >
          <span
            aria-label="close-circle"
            class="anticon anticon-close-circle"
            role="img"
          >
            <svg
              aria-hidden="true"
              data-icon="close-circle"
              fill="currentColor"
              fill-rule="evenodd"
              focusable="false"
              height="1em"
              viewBox="64 64 896 896"
              width="1em"
            >
              <path
                d="M512 64c247.4 0 448 200.6 448 448S759.4 960 512 960 64 759.4 64 512 264.6 64 512 64zm127.98 274.82h-.04l-.08.06L512 466.75 384.14 338.88c-.04-.05-.06-.06-.08-.06a.12.12 0 00-.07 0c-.03 0-.05.01-.09.05l-45.02 45.02a.2.2 0 00-.05.09.12.12 0 000 .07v.02a.27.27 0 00.06.06L466.75 512 338.88 639.86c-.05.04-.06.06-.06.08a.12.12 0 000 .07c0 .03.01.05.05.09l45.02 45.02a.2.2 0 00.09.05.12.12 0 00.07 0c.02 0 .04-.01.08-.05L512 557.25l127.86 127.87c.04.04.06.05.08.05a.12.12 0 00.07 0c.03 0 .05-.01.09-.05l45.02-45.02a.2.2 0 00.05-.09.12.12 0 000-.07v-.02a.27.27 0 00-.05-.06L557.25 512l127.87-127.86c.04-.04.05-.06.05-.08a.12.12 0 000-.07c0-.03-.01-.05-.05-.09l-45.02-45.02a.2.2 0 00-.09-.05.12.12 0 00-.07 0z"
              />
            </svg>
          </span>
        </span>
      </div>
    </div>
    <div />
    <div
      class="displayOption"
    >
       Display Options: 
      <div
        class="ant-select select css-dev-only-do-not-override-1adbn6x ant-select-multiple ant-select-show-arrow ant-select-show-search"
      >
        <div
          class="ant-select-selector"
        >
          <div
            class="ant-select-selection-overflow"
          >
            <div
              class="ant-select-selection-overflow-item"
              style="opacity: 1;"
            >
              <span>
                <span
                  class="ant-tag ant-tag-has-color css-dev-only-do-not-override-1adbn6x"
                  style="background-color: rgb(209, 92, 84);"
                >
                  Low Price
                </span>
              </span>
            </div>
            <div
              class="ant-select-selection-overflow-item"
              style="opacity: 1;"
            >
              <span>
                <span
                  class="ant-tag ant-tag-has-color css-dev-only-do-not-override-1adbn6x"
                  style="background-color: rgb(108, 179, 63);"
                >
                  High Price
                </span>
              </span>
            </div>
            <div
              class="ant-select-selection-overflow-item"
              style="opacity: 1;"
            >
              <span>
                <span
                  class="ant-tag ant-tag-has-color css-dev-only-do-not-override-1adbn6x"
                  style="background-color: rgb(41, 98, 255);"
                >
                  Open Price
                </span>
              </span>
            </div>
            <div
              class="ant-select-selection-overflow-item"
              style="opacity: 1;"
            >
              <span>
                <span
                  class="ant-tag ant-tag-has-color css-dev-only-do-not-override-1adbn6x"
                  style="background-color: rgb(163, 155, 7);"
                >
                  Close Price
                </span>
              </span>
            </div>
            <div
              class="ant-select-selection-overflow-item ant-select-selection-overflow-item-suffix"
              style="opacity: 1;"
            >
              <div
                class="ant-select-selection-search"
                style="width: 0px;"
              >
                <input
                  aria-autocomplete="list"
                  aria-controls="rc_select_TEST_OR_SSR_list"
                  aria-expanded="false"
                  aria-haspopup="listbox"
                  aria-owns="rc_select_TEST_OR_SSR_list"
                  autocomplete="off"
                  class="ant-select-selection-search-input"
                  id="rc_select_TEST_OR_SSR"
                  role="combobox"
                  type="search"
                  value=""
                />
                <span
                  aria-hidden="true"
                  class="ant-select-selection-search-mirror"
                >
                  Â 
                </span>
              </div>
            </div>
          </div>
        </div>
        <span
          aria-hidden="true"
          class="ant-select-arrow"
          style="user-select: none;"
          unselectable="on"
        >
          <span
            aria-label="down"
            class="anticon anticon-down ant-select-suffix"
            role="img"
          >
            <svg
              aria-hidden="true"
              data-icon="down"
              fill="currentColor"
              focusable="false"
              height="1em"
              viewBox="64 64 896 896"
              width="1em"
            >
              <path
                d="M884 256h-75c-5.1 0-9.9 2.5-12.9 6.6L512 654.2 227.9 262.6c-3-4.1-7.8-6.6-12.9-6.6h-75c-6.5 0-10.3 7.4-6.5 12.7l352.6 486.1c12.8 17.6 39 17.6 51.7 0l352.6-486.1c3.9-5.3.1-12.7-6.4-12.7z"
              />
            </svg>
          </span>
        </span>
      </div>
    </div>
  </div>
</div>
`;
